Warning[w6]: Type conflict for external/entry "SDCard_init", in module main against external/entry in module HAL_SDCard; prototyped function vs K&R function
  /* In module main: */
  /* K&R Function, args 0, attr 0 */
  int (__cc_version2 SDCard_init)();
  /* In module HAL_SDCard: */
  /* Function, args 0, attr 0 */
  void (__cc_version2 SDCard_init)(void);
################################################################################
#                                                                              #
#      IAR Universal Linker V6.5.0.91                                          #
#                                                                              #
#           Link time     =  16/Sep/2017  01:02:11                             #
#           Target CPU    =  MSP430                                            #
#           List file     =  "E:\tools\IAR Systems\430\projects\MP3CPP\Release #
#                            \List\MP3CPP.map"                                 #
#           Output file 1 =  "E:\tools\IAR Systems\430\projects\MP3CPP\Release #
#                            \Exe\MP3CPP.txt"                                  #
#                            Format: msp430_txt                                #
#           Command line  =  -f                                                #
#                            C:\Users\thinkpad\AppData\Local\Temp\EWE41A.tmp   #
#                            ("E:\tools\IAR Systems\430\projects\MP3CPP\Releas #
#                            e\Obj\ff.r43"                                     #
#                            "E:\tools\IAR Systems\430\projects\MP3CPP\Release #
#                            \Obj\HAL_PMM.r43"                                 #
#                            "E:\tools\IAR Systems\430\projects\MP3CPP\Release #
#                            \Obj\HAL_SDCard.r43"                              #
#                            "E:\tools\IAR Systems\430\projects\MP3CPP\Release #
#                            \Obj\HAL_TLV.r43"                                 #
#                            "E:\tools\IAR Systems\430\projects\MP3CPP\Release #
#                            \Obj\HAL_UCS.r43"                                 #
#                            "E:\tools\IAR Systems\430\projects\MP3CPP\Release #
#                            \Obj\main.r43"                                    #
#                            "E:\tools\IAR Systems\430\projects\MP3CPP\Release #
#                            \Obj\mmc.r43"                                     #
#                            "E:\tools\IAR Systems\430\projects\MP3CPP\Release #
#                            \Obj\SDaccess.r43"                                #
#                            "E:\tools\IAR Systems\430\projects\MP3CPP\Release #
#                            \Obj\tm1638.r43"                                  #
#                            -o                                                #
#                            "E:\tools\IAR Systems\430\projects\MP3CPP\Release #
#                            \Exe\MP3CPP.txt"                                  #
#                            -Fmsp430_txt -l                                   #
#                            "E:\tools\IAR Systems\430\projects\MP3CPP\Release #
#                            \List\MP3CPP.map"                                 #
#                            -xms "-IE:\tools\IAR Systems\430\LIB\" -f         #
#                            "E:\tools\IAR Systems\430\config\linker\lnk430f66 #
#                            38.xcl"                                           #
#                            (-cmsp430 -QCODE_I=CODE_ID -QTLS16_I=TLS16_ID     #
#                            -D__iar_HWMUL=4C0 -Z(CONST)INFO=1800-19FF         #
#                            -Z(CONST)INFOA=1980-19FF                          #
#                            -Z(CONST)INFOB=1900-197F                          #
#                            -Z(CONST)INFOC=1880-18FF                          #
#                            -Z(CONST)INFOD=1800-187F                          #
#                            -Z(DATA)USBRAM=1C00-23FF                          #
#                            -Z(DATA)DATA16_I,DATA16_Z,DATA16_N,TLS16_I=2400-6 #
#                            3FF                                               #
#                            -Z(DATA)DATA16_HEAP+_DATA16_HEAP_SIZE             #
#                            -Z(DATA)CODE_I                                    #
#                            -Z(DATA)DATA20_I,DATA20_Z,DATA20_N,DATA20_HEAP+_D #
#                            ATA20_HEAP_SIZE                                   #
#                            -Z(DATA)CSTACK+_STACK_SIZE#                       #
#                            -Z(CONST)DATA16_C,DATA16_ID,TLS16_ID,DIFUNCT,CHEC #
#                            KSUM=8000-FF7F                                    #
#                            -Z(CODE)CSTART,ISR_CODE,CODE16=8000-FF7F          #
#                            -P(CODE)CODE=8000-FF7F,10000-47FFF                #
#                            -Z(CONST)DATA20_C,DATA20_ID,CODE_ID=8000-FF7F,100 #
#                            40-47FFF                                          #
#                            -Z(CODE)INTVEC=FF80-FFFF                          #
#                            -Z(CODE)RESET=FFFE-FFFF) -f                       #
#                            "E:\tools\IAR Systems\430\config\linker\multiplie #
#                            r32.xcl"                                          #
#                            (-e?Mul8Hw=?Mul8 -e?Mul16Hw=?Mul16                #
#                            -e?Mul16to32uHw=?Mul16to32u                       #
#                            -e?Mul16to32sHw=?Mul16to32s -e?Mul32Hw32=?Mul32   #
#                            -e?Mul64Hw32=_Mul64i                              #
#                            -e?Mul32u32uto64iHw32=_Mul32u32uto64i             #
#                            -e?Mul32fHw32=_Mul32f                             #
#                            -e_Mul64fHw32Ptr=_Mul64fPtr) -D_STACK_SIZE=A0     #
#                            "E:\tools\IAR Systems\430\lib\dlib\dl430xlsfn.r43 #
#                            "                                                 #
#                            -e_PrintfLarge=_Printf -e_ScanfLarge=_Scanf       #
#                            -D_DATA16_HEAP_SIZE=A0 -s __program_start         #
#                            -D_DATA20_HEAP_SIZE=50)                           #
#                                                                              #
#                           Copyright (C) 1987-2016 IAR Systems AB.            #
################################################################################





                ****************************************
                *                                      *
                *           CROSS REFERENCE            *
                *                                      *
                ****************************************

       Program entry at :           8022  Relocatable, from module : ?cstart




                ****************************************
                *                                      *
                *            RUNTIME MODEL             *
                *                                      *
                ****************************************

  __Heap_Handler             = Basic
  __SystemLibrary            = DLib
  __code_model               = large
  __core                     = 430X
  __data_model               = small
  __dlib_file_descriptor     = 0
  __dlib_full_locale_support = 0
  __double_size              = 32
  __pic                      = no
  __reg_r4                   = free
  __reg_r5                   = free
  __rt_version               = 3

                ****************************************
                *                                      *
                *    AUTOMATIC SYMBOL REDIRECTIONS     *
                *                                      *
                ****************************************

                  There are no automatic symbol redirections.



                ****************************************
                *                                      *
                *              MODULE MAP              *
                *                                      *
                ****************************************


  DEFINED ABSOLUTE ENTRIES
    *************************************************************************

  DEFINED ABSOLUTE ENTRIES
  PROGRAM MODULE, NAME : ?ABS_ENTRY_MOD

Absolute parts
           ENTRY                   ADDRESS         REF BY
           =====                   =======         ======
           _DATA20_HEAP_SIZE       0050 
           _DATA16_HEAP_SIZE       00A0 
           _STACK_SIZE             00A0 
           __iar_HWMUL             04C0 
    *************************************************************************

  FILE NAME : E:\tools\IAR Systems\430\projects\MP3CPP\Release\Obj\ff.r43
    *************************************************************************

  FILE NAME : E:\tools\IAR Systems\430\projects\MP3CPP\Release\Obj\HAL_PMM.r43
  PROGRAM MODULE, NAME : HAL_PMM

  SEGMENTS IN THE MODULE
  ======================
DATA16_AN
  Relative segment, address: 0120 - 0121 (0x2 bytes), align: 0
  Segment part 1. ROOT 
           ENTRY                   ADDRESS         REF BY
           =====                   =======         ======
           _A_PMMCTL0_L            0120 
    -------------------------------------------------------------------------
DATA16_AN
  Relative segment, address: 0124 - 0125 (0x2 bytes), align: 0
  Segment part 2. ROOT 
           ENTRY                   ADDRESS         REF BY
           =====                   =======         ======
           _A_SVSMHCTL_L           0124 
    -------------------------------------------------------------------------
DATA16_AN
  Relative segment, address: 0126 - 0127 (0x2 bytes), align: 0
  Segment part 3. ROOT 
           ENTRY                   ADDRESS         REF BY
           =====                   =======         ======
           _A_SVSMLCTL_L           0126 
    -------------------------------------------------------------------------
DATA16_AN
  Relative segment, address: 012C - 012D (0x2 bytes), align: 0
  Segment part 4. ROOT 
           ENTRY                   ADDRESS         REF BY
           =====                   =======         ======
           _A_PMMIFG_L             012C 
    -------------------------------------------------------------------------
DATA16_AN
  Relative segment, address: 012E - 012F (0x2 bytes), align: 0
  Segment part 5. ROOT 
           ENTRY                   ADDRESS         REF BY
           =====                   =======         ======
           _A_PMMRIE_L             012E 

    *************************************************************************

  FILE NAME : E:\tools\IAR Systems\430\projects\MP3CPP\Release\Obj\HAL_SDCard.r43
  PROGRAM MODULE, NAME : HAL_SDCard

  SEGMENTS IN THE MODULE
  ======================
DATA16_AN
  Relative segment, address: 0222 - 0223 (0x2 bytes), align: 0
  Segment part 1. ROOT        Intra module refs:   SDCard_init
                                                   TM1638_Write (tm1638)
                                                   Write_DATA (tm1638)
                                                   Write_allLED (tm1638)
           ENTRY                   ADDRESS         REF BY
           =====                   =======         ======
           _A_PBOUT_L              0222 
    -------------------------------------------------------------------------
DATA16_AN
  Relative segment, address: 0224 - 0225 (0x2 bytes), align: 0
  Segment part 2. ROOT        Intra module refs:   SDCard_init
                                                   TM1638_Write (tm1638)
                                                   main (main)
           ENTRY                   ADDRESS         REF BY
           =====                   =======         ======
           _A_PBDIR_L              0224 
    -------------------------------------------------------------------------
DATA16_AN
  Relative segment, address: 0262 - 0263 (0x2 bytes), align: 0
  Segment part 3. ROOT        Intra module refs:   SDCard_init
           ENTRY                   ADDRESS         REF BY
           =====                   =======         ======
           _A_PDOUT_L              0262 
    -------------------------------------------------------------------------
DATA16_AN
  Relative segment, address: 0264 - 0265 (0x2 bytes), align: 0
  Segment part 4. ROOT        Intra module refs:   SDCard_init
           ENTRY                   ADDRESS         REF BY
           =====                   =======         ======
           _A_PDDIR_L              0264 
    -------------------------------------------------------------------------
DATA16_AN
  Relative segment, address: 0266 - 0267 (0x2 bytes), align: 0
  Segment part 5. ROOT        Intra module refs:   SDCard_init
           ENTRY                   ADDRESS         REF BY
           =====                   =======         ======
           _A_PDREN_L              0266 
    -------------------------------------------------------------------------
DATA16_AN
  Relative segment, address: 026A - 026B (0x2 bytes), align: 0
  Segment part 6. ROOT        Intra module refs:   SDCard_init
           ENTRY                   ADDRESS         REF BY
           =====                   =======         ======
           _A_PDSEL_L              026A 
    -------------------------------------------------------------------------
DATA16_AN
  Relative segment, address: 0322 - 0323 (0x2 bytes), align: 0
  Segment part 7. ROOT        Intra module refs:   SDCard_init
                                                   SDCard_setCSHigh
                                                   SDCard_setCSLow
                                                   main (main)
           ENTRY                   ADDRESS         REF BY
           =====                   =======         ======
           _A_PJOUT_L              0322 
    -------------------------------------------------------------------------
DATA16_AN
  Relative segment, address: 0324 - 0325 (0x2 bytes), align: 0
  Segment part 8. ROOT        Intra module refs:   SDCard_init
                                                   main (main)
           ENTRY                   ADDRESS         REF BY
           =====                   =======         ======
           _A_PJDIR_L              0324 
    -------------------------------------------------------------------------
DATA16_AN
  Relative segment, address: 0600 - 0601 (0x2 bytes), align: 0
  Segment part 9. ROOT        Intra module refs:   SDCard_fastMode
                                                   SDCard_init
           ENTRY                   ADDRESS         REF BY
           =====                   =======         ======
           _A_UCA1CTLW0_L          0600 
    -------------------------------------------------------------------------
DATA16_AN
  Relative segment, address: 0606 - 0607 (0x2 bytes), align: 0
  Segment part 10. ROOT       Intra module refs:   SDCard_fastMode
                                                   SDCard_init
           ENTRY                   ADDRESS         REF BY
           =====                   =======         ======
           _A_UCA1BRW_L            0606 
    -------------------------------------------------------------------------
DATA16_AN
  Relative segment, address: 060A - 060A (0x1 bytes), align: 0
  Segment part 11. ROOT       Intra module refs:   SDCard_sendFrame
           ENTRY                   ADDRESS         REF BY
           =====                   =======         ======
           UCA1STAT                060A 
    -------------------------------------------------------------------------
DATA16_AN
  Relative segment, address: 060C - 060C (0x1 bytes), align: 0
  Segment part 12. ROOT       Intra module refs:   SDCard_readFrame
                                                   SDCard_sendFrame
           ENTRY                   ADDRESS         REF BY
           =====                   =======         ======
           UCA1RXBUF               060C 
    -------------------------------------------------------------------------
DATA16_AN
  Relative segment, address: 060E - 060E (0x1 bytes), align: 0
  Segment part 13. ROOT       Intra module refs:   SDCard_readFrame
                                                   SDCard_sendFrame
           ENTRY                   ADDRESS         REF BY
           =====                   =======         ======
           UCA1TXBUF               060E 
    -------------------------------------------------------------------------
DATA16_AN
  Relative segment, address: 061C - 061D (0x2 bytes), align: 0
  Segment part 14. ROOT       Intra module refs:   SDCard_init
                                                   SDCard_readFrame
                                                   SDCard_sendFrame
           ENTRY                   ADDRESS         REF BY
           =====                   =======         ======
           _A_UCA1ICTL_L           061C 
    -------------------------------------------------------------------------
<CODE> 1 (was CODE)
  Relative segment, address: 84CC - 852F (0x64 bytes), align: 1
  Segment part 16.
           ENTRY                   ADDRESS         REF BY
           =====                   =======         ======
           SDCard_init             84CC            disk_initialize (mmc)
                                                   main (main)
    -------------------------------------------------------------------------
<CODE> 1 (was CODE)
  Relative segment, address: 868A - 869B (0x12 bytes), align: 1
  Segment part 17.
           ENTRY                   ADDRESS         REF BY
           =====                   =======         ======
           SDCard_fastMode         868A            disk_initialize (mmc)
    -------------------------------------------------------------------------
<CODE> 1 (was CODE)
  Relative segment, address: 85BA - 85EB (0x32 bytes), align: 1
  Segment part 18.
           ENTRY                   ADDRESS         REF BY
           =====                   =======         ======
           SDCard_readFrame        85BA            Segment part 21 (mmc)
                                                   deselect (mmc)
                                                   disk_initialize (mmc)
                                                   rcvr_datablock (mmc)
                                                   send_cmd (mmc)
                                                   wait_ready (mmc)
    -------------------------------------------------------------------------
<CODE> 1 (was CODE)
  Relative segment, address: 864A - 8673 (0x2a bytes), align: 1
  Segment part 19.
           ENTRY                   ADDRESS         REF BY
           =====                   =======         ======
           SDCard_sendFrame        864A            Segment part 19 (mmc)
    -------------------------------------------------------------------------
<CODE> 1 (was CODE)
  Relative segment, address: 86D4 - 86D9 (0x6 bytes), align: 1
  Segment part 20.
           ENTRY                   ADDRESS         REF BY
           =====                   =======         ======
           SDCard_setCSHigh        86D4            Segment part 26 (mmc)
                                                   disk_initialize (mmc)
    -------------------------------------------------------------------------
<CODE> 1 (was CODE)
  Relative segment, address: 86CE - 86D3 (0x6 bytes), align: 1
  Segment part 21.
           ENTRY                   ADDRESS         REF BY
           =====                   =======         ======
           SDCard_setCSLow         86CE            Segment part 14 (mmc)

    *************************************************************************

  FILE NAME : E:\tools\IAR Systems\430\projects\MP3CPP\Release\Obj\HAL_TLV.r43
    *************************************************************************

  FILE NAME : E:\tools\IAR Systems\430\projects\MP3CPP\Release\Obj\HAL_UCS.r43
  PROGRAM MODULE, NAME : HAL_UCS

  SEGMENTS IN THE MODULE
  ======================
DATA16_AN
  Relative segment, address: 0102 - 0103 (0x2 bytes), align: 0
  Segment part 1. ROOT        Intra module refs:   init_clk (main)
           ENTRY                   ADDRESS         REF BY
           =====                   =======         ======
           _A_SFRIFG1_L            0102 
    -------------------------------------------------------------------------
DATA16_AN
  Relative segment, address: 0160 - 0161 (0x2 bytes), align: 0
  Segment part 2. ROOT        Intra module refs:   init_clk (main)
           ENTRY                   ADDRESS         REF BY
           =====                   =======         ======
           _A_UCSCTL0_L            0160 
    -------------------------------------------------------------------------
DATA16_AN
  Relative segment, address: 0162 - 0163 (0x2 bytes), align: 0
  Segment part 3. ROOT        Intra module refs:   init_clk (main)
           ENTRY                   ADDRESS         REF BY
           =====                   =======         ======
           _A_UCSCTL1_L            0162 
    -------------------------------------------------------------------------
DATA16_AN
  Relative segment, address: 0164 - 0165 (0x2 bytes), align: 0
  Segment part 4. ROOT        Intra module refs:   init_clk (main)
           ENTRY                   ADDRESS         REF BY
           =====                   =======         ======
           _A_UCSCTL2_L            0164 
    -------------------------------------------------------------------------
DATA16_AN
  Relative segment, address: 0168 - 0169 (0x2 bytes), align: 0
  Segment part 5. ROOT        Intra module refs:   init_clk (main)
           ENTRY                   ADDRESS         REF BY
           =====                   =======         ======
           _A_UCSCTL4_L            0168 
    -------------------------------------------------------------------------
DATA16_AN
  Relative segment, address: 016C - 016D (0x2 bytes), align: 0
  Segment part 6. ROOT 
           ENTRY                   ADDRESS         REF BY
           =====                   =======         ======
           _A_UCSCTL6_L            016C 
    -------------------------------------------------------------------------
DATA16_AN
  Relative segment, address: 016E - 016F (0x2 bytes), align: 0
  Segment part 7. ROOT        Intra module refs:   init_clk (main)
           ENTRY                   ADDRESS         REF BY
           =====                   =======         ======
           _A_UCSCTL7_L            016E 

    *************************************************************************

  FILE NAME : E:\tools\IAR Systems\430\projects\MP3CPP\Release\Obj\main.r43
  PROGRAM MODULE, NAME : main

  SEGMENTS IN THE MODULE
  ======================
DATA16_AN
  Relative segment, address: 0790 - 0791 (0x2 bytes), align: 0
  Segment part 1. ROOT 
           ENTRY                   ADDRESS         REF BY
           =====                   =======         ======
           DAC12_1CTL0             0790 
    -------------------------------------------------------------------------
DATA16_AN
  Relative segment, address: 0242 - 0243 (0x2 bytes), align: 0
  Segment part 3. ROOT 
           ENTRY                   ADDRESS         REF BY
           =====                   =======         ======
           _A_PCOUT_L              0242 
    -------------------------------------------------------------------------
DATA16_AN
  Relative segment, address: 0244 - 0245 (0x2 bytes), align: 0
  Segment part 4. ROOT 
           ENTRY                   ADDRESS         REF BY
           =====                   =======         ======
           _A_PCDIR_L              0244 
    -------------------------------------------------------------------------
DATA16_AN
  Relative segment, address: 024A - 024B (0x2 bytes), align: 0
  Segment part 5. ROOT        Intra module refs:   init_clk
           ENTRY                   ADDRESS         REF BY
           =====                   =======         ======
           _A_PCSEL_L              024A 
    -------------------------------------------------------------------------
DATA16_AN
  Relative segment, address: 0380 - 0381 (0x2 bytes), align: 0
  Segment part 9. ROOT 
           ENTRY                   ADDRESS         REF BY
           =====                   =======         ======
           TA1CTL                  0380 
    -------------------------------------------------------------------------
DATA16_AN
  Relative segment, address: 0382 - 0383 (0x2 bytes), align: 0
  Segment part 10. ROOT 
           ENTRY                   ADDRESS         REF BY
           =====                   =======         ======
           TA1CCTL0                0382 
    -------------------------------------------------------------------------
DATA16_AN
  Relative segment, address: 0392 - 0393 (0x2 bytes), align: 0
  Segment part 11. ROOT 
           ENTRY                   ADDRESS         REF BY
           =====                   =======         ======
           TA1CCR0                 0392 
    -------------------------------------------------------------------------
DATA16_AN
  Relative segment, address: 0166 - 0167 (0x2 bytes), align: 0
  Segment part 15. ROOT       Intra module refs:   init_clk
           ENTRY                   ADDRESS         REF BY
           =====                   =======         ======
           _A_UCSCTL3_L            0166 
    -------------------------------------------------------------------------
DATA16_AN
  Relative segment, address: 015C - 015D (0x2 bytes), align: 0
  Segment part 18. ROOT       Intra module refs:   main
           ENTRY                   ADDRESS         REF BY
           =====                   =======         ======
           _A_WDTCTL_L             015C 
    -------------------------------------------------------------------------
DATA16_C
  Relative segment, address: 8000 - 800F (0x10 bytes), align: 0
  Segment part 20.            Intra module refs:   main
           ENTRY                   ADDRESS         REF BY
           =====                   =======         ======
           Num                     8000 
    -------------------------------------------------------------------------
<CODE> 1 (was CODE)
  Relative segment, address: 8674 - 8689 (0x16 bytes), align: 1
  Segment part 36.            Intra module refs:   main
    -------------------------------------------------------------------------
<CODE> 1 (was CODE)
  Relative segment, address: 857E - 85B9 (0x3c bytes), align: 1
  Segment part 37.            Intra module refs:   main
           ENTRY                   ADDRESS         REF BY
           =====                   =======         ======
           init_clk                857E 
    -------------------------------------------------------------------------
<CODE> 1 (was CODE)
  Relative segment, address: 8458 - 84CB (0x74 bytes), align: 1
  Segment part 39.
           ENTRY                   ADDRESS         REF BY
           =====                   =======         ======
           main                    8458            Segment part 26 (?cstart)
               calls direct

    *************************************************************************

  FILE NAME : E:\tools\IAR Systems\430\projects\MP3CPP\Release\Obj\mmc.r43
  PROGRAM MODULE, NAME : mmc

  SEGMENTS IN THE MODULE
  ======================
DATA16_I
  Relative segment, address: 2400 - 2400 (0x1 bytes), align: 0
  Segment part 2.             Intra module refs:   detectCard
                                                   disk_status
           ENTRY                   ADDRESS         REF BY
           =====                   =======         ======
           INS                     2400 
    -------------------------------------------------------------------------
DATA16_I
  Relative segment, address: 2401 - 2401 (0x1 bytes), align: 0
  Segment part 4.             Intra module refs:   disk_initialize
                                                   disk_status
    -------------------------------------------------------------------------
DATA16_Z
  Relative segment, address: 2402 - 2402 (0x1 bytes), align: 0
  Segment part 6.             Intra module refs:   disk_initialize
    -------------------------------------------------------------------------
<CODE> 1 (was CODE)
  Relative segment, address: 861C - 8649 (0x2e bytes), align: 1
  Segment part 8.             Intra module refs:   Segment part 15
           LOCAL                   ADDRESS         
           =====                   =======         
           wait_ready              861C 
               calls direct
    -------------------------------------------------------------------------
<CODE> 1 (was CODE)
  Relative segment, address: 86BE - 86CD (0x10 bytes), align: 1
  Segment part 9.             Intra module refs:   disk_initialize
                                                   send_cmd
           LOCAL                   ADDRESS         
           =====                   =======         
           deselect                86BE 
               calls direct
    -------------------------------------------------------------------------
<CODE> 1 (was CODE)
  Relative segment, address: 831C - 8323 (0x8 bytes), align: 1
  Segment part 23.            Intra module refs:   Segment part 31
                                                   disk_initialize
    -------------------------------------------------------------------------
<CODE> 1 (was CODE)
  Relative segment, address: 8324 - 832D (0xa bytes), align: 1
  Segment part 25.            Intra module refs:   validateCSD
    -------------------------------------------------------------------------
<CODE> 1 (was CODE)
  Relative segment, address: 832E - 8335 (0x8 bytes), align: 1
  Segment part 26.            Intra module refs:   deselect
                                                   disk_initialize
                                                   send_cmd
    -------------------------------------------------------------------------
<CODE> 1 (was CODE)
  Relative segment, address: 8336 - 83D5 (0xa0 bytes), align: 1
  Segment part 30.            Intra module refs:   detectCard
           ENTRY                   ADDRESS         REF BY
           =====                   =======         ======
           validateCSD             8336 
               calls direct
    -------------------------------------------------------------------------
<CODE> 1 (was CODE)
  Relative segment, address: 83D6 - 83E1 (0xc bytes), align: 1
  Segment part 31.            Intra module refs:   validateCSD
    -------------------------------------------------------------------------
<CODE> 1 (was CODE)
  Relative segment, address: 804A - 808D (0x44 bytes), align: 1
  Segment part 10.            Intra module refs:   Segment part 25
                                                   validateCSD
           LOCAL                   ADDRESS         
           =====                   =======         
           rcvr_datablock          804A 
               calls direct
    -------------------------------------------------------------------------
<CODE> 1 (was CODE)
  Relative segment, address: 808E - 8093 (0x6 bytes), align: 1
  Segment part 11.            Intra module refs:   rcvr_datablock
    -------------------------------------------------------------------------
<CODE> 1 (was CODE)
  Relative segment, address: 8094 - 8131 (0x9e bytes), align: 1
  Segment part 13.            Intra module refs:   Segment part 18
                                                   Segment part 23
                                                   disk_initialize
           LOCAL                   ADDRESS         
           =====                   =======         
           send_cmd                8094 
               calls direct
    -------------------------------------------------------------------------
<CODE> 1 (was CODE)
  Relative segment, address: 8132 - 8135 (0x4 bytes), align: 1
  Segment part 14.            Intra module refs:   disk_initialize
                                                   send_cmd
    -------------------------------------------------------------------------
<CODE> 1 (was CODE)
  Relative segment, address: 8136 - 813D (0x8 bytes), align: 1
  Segment part 15.            Intra module refs:   Segment part 14
    -------------------------------------------------------------------------
<CODE> 1 (was CODE)
  Relative segment, address: 813E - 815D (0x20 bytes), align: 1
  Segment part 16.            Intra module refs:   detectCard
                                                   disk_initialize
           ENTRY                   ADDRESS         REF BY
           =====                   =======         ======
           disk_status             813E 
    -------------------------------------------------------------------------
<CODE> 1 (was CODE)
  Relative segment, address: 815E - 82C5 (0x168 bytes), align: 1
  Segment part 17.            Intra module refs:   detectCard
           ENTRY                   ADDRESS         REF BY
           =====                   =======         ======
           disk_initialize         815E 
               calls direct
    -------------------------------------------------------------------------
<CODE> 1 (was CODE)
  Relative segment, address: 82C6 - 82D5 (0x10 bytes), align: 1
  Segment part 18.            Intra module refs:   disk_initialize
                                                   send_cmd
    -------------------------------------------------------------------------
<CODE> 1 (was CODE)
  Relative segment, address: 82D6 - 82E3 (0xe bytes), align: 1
  Segment part 19.            Intra module refs:   disk_initialize
                                                   send_cmd
    -------------------------------------------------------------------------
<CODE> 1 (was CODE)
  Relative segment, address: 82E4 - 82E5 (0x2 bytes), align: 1
  Segment part 20.            Intra module refs:   disk_initialize
    -------------------------------------------------------------------------
<CODE> 1 (was CODE)
  Relative segment, address: 82E6 - 82EB (0x6 bytes), align: 1
  Segment part 21.            Intra module refs:   Segment part 20
                                                   disk_initialize
    -------------------------------------------------------------------------
<CODE> 1 (was CODE)
  Relative segment, address: 82EC - 831B (0x30 bytes), align: 1
  Segment part 32.
           ENTRY                   ADDRESS         REF BY
           =====                   =======         ======
           detectCard              82EC            main (main)
               calls direct
    -------------------------------------------------------------------------
DATA16_ID
  Relative segment, address: 8020 - 8020 (0x1 bytes), align: 0
  Segment part 3.             Intra module refs:   INS
    -------------------------------------------------------------------------
DATA16_ID
  Relative segment, address: 8021 - 8021 (0x1 bytes), align: 0
  Segment part 5.             Intra module refs:   Segment part 4

    *************************************************************************

  FILE NAME : E:\tools\IAR Systems\430\projects\MP3CPP\Release\Obj\SDaccess.r43
    *************************************************************************

  FILE NAME : E:\tools\IAR Systems\430\projects\MP3CPP\Release\Obj\tm1638.r43
  PROGRAM MODULE, NAME : tm1638

  SEGMENTS IN THE MODULE
  ======================
DATA16_AN
  Relative segment, address: 0220 - 0221 (0x2 bytes), align: 0
  Segment part 1. ROOT 
           ENTRY                   ADDRESS         REF BY
           =====                   =======         ======
           _A_PBIN_L               0220 
    -------------------------------------------------------------------------
DATA16_C
  Relative segment, address: 8010 - 801F (0x10 bytes), align: 0
  Segment part 5.             Intra module refs:   init_TM1638
           ENTRY                   ADDRESS         REF BY
           =====                   =======         ======
           tab2                    8010 
    -------------------------------------------------------------------------
<CODE> 1 (was CODE)
  Relative segment, address: 85EC, align: 1
  Segment part 6.             Intra module refs:   Segment part 12
                                                   Write_DATA
                                                   Write_allLED
           ENTRY                   ADDRESS         REF BY
           =====                   =======         ======
           TM1638_Write            85EC 
    -------------------------------------------------------------------------
<CODE> 1 (was CODE)
  Relative segment, address: 85EC - 861B (0x30 bytes), align: 1
  Segment part 7.             Intra module refs:   TM1638_Write
    -------------------------------------------------------------------------
<CODE> 1 (was CODE)
  Relative segment, address: 83E2 - 83E7 (0x6 bytes), align: 1
  Segment part 10.            Intra module refs:   Write_DATA
                                                   Write_allLED
    -------------------------------------------------------------------------
<CODE> 1 (was CODE)
  Relative segment, address: 83E8 - 841D (0x36 bytes), align: 1
  Segment part 11.            Intra module refs:   init_TM1638
           ENTRY                   ADDRESS         REF BY
           =====                   =======         ======
           Write_allLED            83E8 
               calls direct
    -------------------------------------------------------------------------
<CODE> 1 (was CODE)
  Relative segment, address: 841E - 8421 (0x4 bytes), align: 1
  Segment part 12.            Intra module refs:   Write_DATA
                                                   Write_allLED
    -------------------------------------------------------------------------
<CODE> 1 (was CODE)
  Relative segment, address: 8422 - 842B (0xa bytes), align: 1
  Segment part 13.            Intra module refs:   Segment part 12
                                                   Segment part 15
    -------------------------------------------------------------------------
<CODE> 1 (was CODE)
  Relative segment, address: 842C - 842D (0x2 bytes), align: 1
  Segment part 14.            Intra module refs:   Write_DATA
                                                   Write_allLED
    -------------------------------------------------------------------------
<CODE> 1 (was CODE)
  Relative segment, address: 842E - 8437 (0xa bytes), align: 1
  Segment part 15.            Intra module refs:   Segment part 14
                                                   Write_allLED
    -------------------------------------------------------------------------
<CODE> 1 (was CODE)
  Relative segment, address: 8438 - 8457 (0x20 bytes), align: 1
  Segment part 17.
           ENTRY                   ADDRESS         REF BY
           =====                   =======         ======
           Write_DATA              8438            main (main)
               calls direct
    -------------------------------------------------------------------------
<CODE> 1 (was CODE)
  Relative segment, address: 8530 - 857D (0x4e bytes), align: 1
  Segment part 18.
           ENTRY                   ADDRESS         REF BY
           =====                   =======         ======
           init_TM1638             8530            main (main)
               calls direct

    *************************************************************************

  FILE NAME : E:\tools\IAR Systems\430\lib\dlib\dl430xlsfn.r43
  LIBRARY MODULE, NAME : ?_exit

  SEGMENTS IN THE MODULE
  ======================
<CODE> 1 (was CODE)
  Relative segment, address: 86DA, align: 1
  Segment part 0.
           ENTRY                   ADDRESS         REF BY
           =====                   =======         ======
           _exit                   86DA            exit (?exit)
    -------------------------------------------------------------------------
<CODE> 1 (was CODE)
  Relative segment, address: 86DA - 86DD (0x4 bytes), align: 1
  Segment part 6.             Intra module refs:   _exit

    -------------------------------------------------------------------------
  LIBRARY MODULE, NAME : ?cstart

  SEGMENTS IN THE MODULE
  ======================
CSTACK
  Relative segment, address: 6360, align: 1
  Segment part 1.
    -------------------------------------------------------------------------
DATA16_Z
  Relative segment, address: 2402, align: 1
  Segment part 2.
    -------------------------------------------------------------------------
DATA16_I
  Relative segment, address: 2400, align: 1
  Segment part 3.
    -------------------------------------------------------------------------
DATA16_ID
  Relative segment, address: 8020, align: 1
  Segment part 4.
    -------------------------------------------------------------------------
CODE_I
  Relative segment, address: 2404, align: 1
  Segment part 5.
    -------------------------------------------------------------------------
CODE_ID
  Relative segment, address: 86EA, align: 1
  Segment part 6.
    -------------------------------------------------------------------------
DATA20_Z
  Relative segment, address: 2404, align: 1
  Segment part 7.
    -------------------------------------------------------------------------
DATA20_I
  Relative segment, address: 2404, align: 1
  Segment part 8.
    -------------------------------------------------------------------------
DATA20_ID
  Relative segment, address: 86EA, align: 1
  Segment part 9.
    -------------------------------------------------------------------------
DATA20_C
  Relative segment, address: 86EA, align: 1
  Segment part 10.
    -------------------------------------------------------------------------
DATA20_N
  Relative segment, address: 2404, align: 1
  Segment part 12.
    -------------------------------------------------------------------------
CSTART
  Relative segment, address: 8022 - 8025 (0x4 bytes), align: 1
  Segment part 15.
           ENTRY                   ADDRESS         REF BY
           =====                   =======         ======
           __program_start         8022            ?reset_vector (?reset_vector)
                                                   Absolute parts (?ABS_ENTRY_MOD)
           ?cstart_begin           8022 
    -------------------------------------------------------------------------
CSTART
  Relative segment, address: 8026 - 8031 (0xc bytes), align: 1
  Segment part 19.
           ENTRY                   ADDRESS         REF BY
           =====                   =======         ======
           ?cstart_init_zero       8026            Segment part 6 (mmc)
    -------------------------------------------------------------------------
CSTART
  Relative segment, address: 8032 - 8041 (0x10 bytes), align: 1
  Segment part 20.
           ENTRY                   ADDRESS         REF BY
           =====                   =======         ======
           ?cstart_init_copy       8032            INS (mmc)
                                                   Segment part 4 (mmc)
    -------------------------------------------------------------------------
CSTART
  Relative segment, address: 8042 - 8049 (0x8 bytes), align: 1
  Segment part 26.            Intra module refs:   Segment part 15
           ENTRY                   ADDRESS         REF BY
           =====                   =======         ======
           ?cstart_call_main       8042 
           ?cstart_end             804A 
    -------------------------------------------------------------------------
CODE_ID
  Relative segment, address: 86EA, align: 1
  Segment part 27.            Intra module refs:   Segment part 5

    -------------------------------------------------------------------------
  LIBRARY MODULE, NAME : ?reset_vector

  SEGMENTS IN THE MODULE
  ======================
RESET
  Relative segment, address: FFFE - FFFF (0x2 bytes), align: 1
  Segment part 0.
           ENTRY                   ADDRESS         REF BY
           =====                   =======         ======
           ?reset_vector           FFFE            Segment part 15 (?cstart)

    -------------------------------------------------------------------------
  LIBRARY MODULE, NAME : ?exit

  SEGMENTS IN THE MODULE
  ======================
<CODE> 1 (was CODE)
  Relative segment, address: 86E6 - 86E9 (0x4 bytes), align: 1
  Segment part 2.
           ENTRY                   ADDRESS         REF BY
           =====                   =======         ======
           exit                    86E6            Segment part 26 (?cstart)
               calls direct

    -------------------------------------------------------------------------
  LIBRARY MODULE, NAME : ?memcpy

  SEGMENTS IN THE MODULE
  ======================
<CODE> 1 (was CODE)
  Relative segment, address: 869C - 86AD (0x12 bytes), align: 1
  Segment part 2.
           ENTRY                   ADDRESS         REF BY
           =====                   =======         ======
           memcpy                  869C            __data16_memcpy (?memzero)

    -------------------------------------------------------------------------
  LIBRARY MODULE, NAME : ?memzero

  SEGMENTS IN THE MODULE
  ======================
<CODE> 1 (was CODE)
  Relative segment, address: 86AE - 86BD (0x10 bytes), align: 1
  Segment part 2.
           ENTRY                   ADDRESS         REF BY
           =====                   =======         ======
           __data16_memzero        86AE            ?cstart_init_zero (?cstart)
    -------------------------------------------------------------------------
<CODE> 1 (was CODE)
  Relative segment, address: 86DE - 86E1 (0x4 bytes), align: 1
  Segment part 3.
           ENTRY                   ADDRESS         REF BY
           =====                   =======         ======
           __data16_memcpy         86DE            ?cstart_init_copy (?cstart)
               calls direct

    -------------------------------------------------------------------------
  LIBRARY MODULE, NAME : ?__exit

  SEGMENTS IN THE MODULE
  ======================
<CODE> 1 (was CODE)
  Relative segment, address: 86E2 - 86E5 (0x4 bytes), align: 1
  Segment part 2.
           ENTRY                   ADDRESS         REF BY
           =====                   =======         ======
           __exit                  86E2            Segment part 6 (?_exit)
                                                   _exit (?_exit)




                ****************************************
                *                                      *
                *      SEGMENTS IN ADDRESS ORDER       *
                *                                      *
                ****************************************


SEGMENT              SPACE    START ADDRESS   END ADDRESS     SIZE  TYPE  ALIGN
=======              =====    =============   ===========     ====  ====  =====
DATA16_AN                              0102 - 0103               2   rel    0
                                       0120 - 0121               2 
                                       0124 - 0127               4 
                                       012C - 012F               4 
                                       015C - 015D               2 
                                       0160 - 0169               A 
                                       016C - 016F               4 
                                       0220 - 0225               6 
                                       0242 - 0245               4 
                                       024A - 024B               2 
                                       0262 - 0267               6 
                                       026A - 026B               2 
                                       0322 - 0325               4 
                                       0380 - 0383               4 
                                       0392 - 0393               2 
                                       0600 - 0601               2 
                                       0606 - 0607               2 
                                       060A - 060A               1 
                                       060C - 060C               1 
                                       060E - 060E               1 
                                       061C - 061D               2 
                                       0790 - 0791               2 
DATA16_I                               2400 - 2401               2   rel    1
DATA16_Z                               2402 - 2402               1   rel    1
DATA20_I                                  2404                       rel    1
DATA20_Z                                  2404                       rel    1
DATA20_N                                  2404                       rel    1
CODE_I                                    2404                       rel    1
CSTACK                                 6360 - 63FF              A0   rel    1
DATA16_C                               8000 - 801F              20   rel    0
DATA16_ID                              8020 - 8021               2   rel    1
CSTART                                 8022 - 8049              28   rel    1
<CODE> 1                               804A - 86E9             6A0   rel    1
CODE_ID                                   86EA                       rel    1
DATA20_ID                                 86EA                       rel    1
DATA20_C                                  86EA                       rel    1
RESET                                  FFFE - FFFF               2   rel    1

                ****************************************
                *                                      *
                *        END OF CROSS REFERENCE        *
                *                                      *
                ****************************************

 1 738 bytes of CODE  memory
   163 bytes of DATA  memory (+ 69 absolute )
    34 bytes of CONST memory

Errors: none
Warnings: 1

